\BOOKMARK [0][-]{chapter*.3}{\376\377\144\130\211\201}{}% 1
\BOOKMARK [0][-]{chapter*.4}{\376\377\000A\000B\000S\000T\000R\000A\000C\000T}{}% 2
\BOOKMARK [0][-]{chapter*.5}{\376\377\162\151\164\006\221\317\124\015\171\360\123\312\173\046\123\367\210\150}{}% 3
\BOOKMARK [0][-]{chapter*.7}{\376\377\000*}{}% 4
\BOOKMARK [0][-]{chapter*.8}{\376\377\166\356\137\125}{}% 5
\BOOKMARK [0][-]{chapter*.9}{\376\377\000C\000O\000N\000T\000E\000N\000T\000S}{}% 6
\BOOKMARK [0][-]{chapter.1}{\376\377\173\054\116\000\172\340\000\040\176\352\213\272}{}% 7
\BOOKMARK [1][-]{section.1.1}{\376\377\0001\000.\0001\000\040\147\054\213\376\230\230\170\024\172\166\200\314\146\157\123\312\170\024\172\166\141\017\116\111}{chapter.1}% 8
\BOOKMARK [1][-]{section.1.2}{\376\377\0001\000.\0002\000\040\126\375\121\205\131\026\166\370\121\163\170\024\172\166\163\260\162\266}{chapter.1}% 9
\BOOKMARK [2][-]{subsection.1.2.1}{\376\377\0001\000.\0002\000.\0001\000\040\166\356\150\007\150\300\155\113\116\016\133\236\117\213\122\006\122\162}{section.1.2}% 10
\BOOKMARK [2][-]{subsection.1.2.2}{\376\377\0001\000.\0002\000.\0002\000\040\133\371\214\141\213\241\145\160}{section.1.2}% 11
\BOOKMARK [2][-]{subsection.1.2.3}{\376\377\0001\000.\0002\000.\0003\000\040\152\041\127\213\122\152\147\235\116\016\152\041\127\213\204\270\231\217}{section.1.2}% 12
\BOOKMARK [1][-]{section.1.3}{\376\377\0001\000.\0003\000\040\147\054\145\207\116\073\211\201\170\024\172\166\121\205\133\271\116\016\213\272\145\207\176\323\147\204}{chapter.1}% 13
\BOOKMARK [2][-]{subsection.1.3.1}{\376\377\0001\000.\0003\000.\0001\000\040\145\071\217\333\000Y\000O\000L\000O\0001\0001\000n\000-\000s\000e\000g\176\323\124\010\124\016\131\004\164\006\152\041\127\127\217\333\210\114\215\047\162\151\176\337\213\241}{section.1.3}% 14
\BOOKMARK [2][-]{subsection.1.3.2}{\376\377\0001\000.\0003\000.\0002\000\040\152\041\127\213\123\213\177\051}{section.1.3}% 15
\BOOKMARK [2][-]{subsection.1.3.3}{\376\377\0001\000.\0003\000.\0003\000\040\155\113\213\325}{section.1.3}% 16
\BOOKMARK [0][-]{chapter.2}{\376\377\173\054\116\214\172\340\000\040\127\372\116\216\145\071\217\333\000Y\000O\000L\000O\0001\0001\000-\000S\000e\000g\166\204\172\313\117\123\116\323\136\223\130\006\123\340\215\047\162\151\166\330\160\271\145\271\154\325}{}% 17
\BOOKMARK [1][-]{section.2.1}{\376\377\0002\000.\0001\000\040\130\006\123\340\215\047\162\151\150\300\155\113\116\016\122\006\122\162}{chapter.2}% 18
\BOOKMARK [2][-]{subsection.2.1.1}{\376\377\0002\000.\0001\000.\0001\000\040\000Y\000O\000L\000O\0001\0001\000s\000-\000S\000e\000g\127\372\170\100\147\266\147\204}{section.2.1}% 19
\BOOKMARK [2][-]{subsection.2.1.2}{\376\377\0002\000.\0001\000.\0002\000\040\000Y\000O\000L\000O\0001\0001\000-\000S\000t\000a\000c\000k\000L\000i\000t\000e\147\266\147\204}{section.2.1}% 20
\BOOKMARK [1][-]{section.2.2}{\376\377\0002\000.\0002\000\040\124\016\131\004\164\006\145\160\221\317\213\241\173\227\145\271\154\325}{chapter.2}% 21
\BOOKMARK [2][-]{subsection.2.2.1}{\376\377\0002\000.\0002\000.\0001\000\040\213\241\145\160\116\073\117\123\155\101\172\013}{section.2.2}% 22
\BOOKMARK [0][-]{chapter.3}{\376\377\173\054\116\011\172\340\000\040\133\236\232\214\116\016\176\323\147\234\122\006\147\220}{}% 23
\BOOKMARK [1][-]{section.3.1}{\376\377\0003\000.\0001\000\040\133\236\232\214\145\160\143\156\226\306}{chapter.3}% 24
\BOOKMARK [1][-]{section.3.2}{\376\377\0003\000.\0002\000\040\213\304\116\367\143\007\150\007}{chapter.3}% 25
\BOOKMARK [1][-]{section.3.3}{\376\377\0003\000.\0003\000\040\133\236\232\214\163\257\130\203\116\016\123\302\145\160\213\276\177\156}{chapter.3}% 26
\BOOKMARK [1][-]{section.3.4}{\376\377\0003\000.\0004\000\040\176\323\147\234\116\016\122\006\147\220}{chapter.3}% 27
\BOOKMARK [2][-]{subsection.3.4.1}{\376\377\0003\000.\0004\000.\0001\000\040\155\210\207\215\133\236\232\214}{section.3.4}% 28
\BOOKMARK [2][-]{subsection.3.4.2}{\376\377\0003\000.\0004\000.\0002\000\040\116\015\124\014\133\236\117\213\122\006\122\162\152\041\127\213\140\047\200\375\133\371\153\324}{section.3.4}% 29
\BOOKMARK [2][-]{subsection.3.4.3}{\376\377\0003\000.\0004\000.\0003\000\040\145\160\221\317\213\241\173\227\213\304\117\060}{section.3.4}% 30
\BOOKMARK [0][-]{chapter.4}{\376\377\173\054\126\333\172\340\000\040\176\323\213\272\116\016\134\125\147\033}{}% 31
\BOOKMARK [0][-]{chapter*.31}{\376\377\123\302\200\003\145\207\163\056}{}% 32
\BOOKMARK [0][-]{chapter*.32}{\376\377\145\073\213\373\133\146\117\115\147\037\225\364\123\326\137\227\116\016\133\146\117\115\213\272\145\207\166\370\121\163\166\204\142\020\147\234}{}% 33
\BOOKMARK [0][-]{chapter*.35}{\376\377\201\364\214\042}{}% 34
\BOOKMARK [0][-]{appendix.A}{\376\377\226\104\137\125\000\040\000A\000\040\226\104\137\125\150\007\230\230}{}% 35
