\BOOKMARK [0][-]{chapter*.3}{\376\377\144\130\211\201}{}% 1
\BOOKMARK [0][-]{chapter*.4}{\376\377\000A\000B\000S\000T\000R\000A\000C\000T}{}% 2
\BOOKMARK [0][-]{chapter*.5}{\376\377\166\356\137\125}{}% 3
\BOOKMARK [0][-]{chapter*.6}{\376\377\000C\000O\000N\000T\000E\000N\000T\000S}{}% 4
\BOOKMARK [0][-]{chapter.1}{\376\377\173\054\116\000\172\340\000\040\176\352\213\272}{}% 5
\BOOKMARK [1][-]{section.1.1}{\376\377\0001\000.\0001\000\040\147\054\213\376\230\230\170\024\172\166\200\314\146\157\123\312\170\024\172\166\141\017\116\111}{chapter.1}% 6
\BOOKMARK [1][-]{section.1.2}{\376\377\0001\000.\0002\000\040\126\375\121\205\131\026\166\370\121\163\170\024\172\166\163\260\162\266}{chapter.1}% 7
\BOOKMARK [2][-]{subsection.1.2.1}{\376\377\0001\000.\0002\000.\0001\000\040\166\356\150\007\150\300\155\113\116\016\133\236\117\213\122\006\122\162}{section.1.2}% 8
\BOOKMARK [2][-]{subsection.1.2.2}{\376\377\0001\000.\0002\000.\0002\000\040\133\371\214\141\213\241\145\160}{section.1.2}% 9
\BOOKMARK [2][-]{subsection.1.2.3}{\376\377\0001\000.\0002\000.\0003\000\040\152\041\127\213\122\152\147\235\116\016\152\041\127\213\204\270\231\217}{section.1.2}% 10
\BOOKMARK [2][-]{subsection.1.2.4}{\376\377\0001\000.\0002\000.\0004\000\040\170\024\172\166\163\260\162\266\140\073\176\323\116\016\163\260\133\130\225\356\230\230}{section.1.2}% 11
\BOOKMARK [1][-]{section.1.3}{\376\377\0001\000.\0003\000\040\147\054\145\207\116\073\211\201\170\024\172\166\121\205\133\271\116\016\176\304\176\307\176\323\147\204}{chapter.1}% 12
\BOOKMARK [2][-]{subsection.1.3.1}{\376\377\0001\000.\0003\000.\0001\000\040\147\054\145\207\116\073\211\201\170\024\172\166\121\205\133\271}{section.1.3}% 13
\BOOKMARK [2][-]{subsection.1.3.2}{\376\377\0001\000.\0003\000.\0002\000\040\147\054\145\207\176\304\176\307\176\323\147\204}{section.1.3}% 14
\BOOKMARK [1][-]{section.1.4}{\376\377\0001\000.\0004\000\040\147\054\172\340\134\017\176\323}{chapter.1}% 15
\BOOKMARK [0][-]{chapter.2}{\376\377\173\054\116\214\172\340\000\040\127\372\116\216\145\071\217\333\000Y\000O\000L\000O\0001\0001\000s\000-\000S\000e\000g\166\204\172\313\117\123\116\323\136\223\130\006\123\340\215\047\162\151\166\330\160\271\145\271\154\325}{}% 16
\BOOKMARK [1][-]{section.2.1}{\376\377\0002\000.\0001\000\040\130\006\123\340\215\047\162\151\150\300\155\113\116\016\122\006\122\162}{chapter.2}% 17
\BOOKMARK [2][-]{subsection.2.1.1}{\376\377\0002\000.\0001\000.\0001\000\040\117\040\176\337\000Y\000O\000L\000O\0001\0001\000s\000-\000S\000e\000g\127\372\170\100\147\266\147\204}{section.2.1}% 18
\BOOKMARK [2][-]{subsection.2.1.2}{\376\377\0002\000.\0001\000.\0002\000\040\147\054\145\207\143\320\121\372\166\204\000Y\000O\000L\000O\0001\0001\000-\000S\000t\000a\000c\000k\000L\000i\000t\000e\147\266\147\204}{section.2.1}% 19
\BOOKMARK [1][-]{section.2.2}{\376\377\0002\000.\0002\000\040\124\016\131\004\164\006\145\160\221\317\213\241\173\227\145\271\154\325}{chapter.2}% 20
\BOOKMARK [2][-]{subsection.2.2.1}{\376\377\0002\000.\0002\000.\0001\000\040\213\241\145\160\116\073\117\123\155\101\172\013}{section.2.2}% 21
\BOOKMARK [1][-]{section.2.3}{\376\377\0002\000.\0003\000\040\147\054\172\340\134\017\176\323}{chapter.2}% 22
\BOOKMARK [0][-]{chapter.3}{\376\377\173\054\116\011\172\340\000\040\227\142\124\021\217\271\177\030\220\350\177\162\227\000\154\102\166\204\000Y\000O\000L\000O\0001\0001\000-\000S\000t\000a\000c\000k\000L\000i\000t\000e\152\041\127\213\123\213\177\051\145\271\154\325}{}% 23
\BOOKMARK [1][-]{section.3.1}{\376\377\0003\000.\0001\000\040\152\041\127\213\123\213\177\051\227\000\154\102\122\006\147\220}{chapter.3}% 24
\BOOKMARK [1][-]{section.3.2}{\376\377\0003\000.\0002\000\040\127\372\116\216\176\323\147\204\123\026\220\032\220\123\122\152\147\235\166\204\217\173\221\317\123\026\145\271\154\325}{chapter.3}% 25
\BOOKMARK [2][-]{subsection.3.2.1}{\376\377\0003\000.\0002\000.\0001\000\040\000N\000e\000t\000w\000o\000r\000k\000\040\000S\000l\000i\000m\000m\000i\000n\000g\127\213\176\323\147\204\123\026\122\152\147\235\123\237\164\006}{section.3.2}% 26
\BOOKMARK [2][-]{subsection.3.2.2}{\376\377\0003\000.\0002\000.\0002\000\040\000Y\000O\000L\000O\0001\0001\000-\000S\000t\000a\000c\000k\000L\000i\000t\000e\122\152\147\235\133\371\214\141\220\011\142\351}{section.3.2}% 27
\BOOKMARK [2][-]{subsection.3.2.3}{\376\377\0003\000.\0002\000.\0003\000\040\227\142\124\021\116\023\165\050\152\041\127\127\166\204\220\032\220\123\221\315\211\201\140\047\213\304\117\060\116\016\122\152\147\235\163\207\213\276\133\232}{section.3.2}% 28
\BOOKMARK [2][-]{subsection.3.2.4}{\376\377\0003\000.\0002\000.\0004\000\040\122\152\147\235\155\101\172\013\213\276\213\241}{section.3.2}% 29
\BOOKMARK [1][-]{section.3.3}{\376\377\0003\000.\0003\000\040\127\372\116\216\167\345\213\306\204\270\231\217\166\204\174\276\136\246\140\142\131\015\145\271\154\325}{chapter.3}% 30
\BOOKMARK [2][-]{subsection.3.3.1}{\376\377\0003\000.\0003\000.\0001\000\040\167\345\213\306\204\270\231\217\123\237\164\006}{section.3.3}% 31
\BOOKMARK [2][-]{subsection.3.3.2}{\376\377\0003\000.\0003\000.\0002\000\040\145\131\136\010\152\041\127\213\116\016\133\146\165\037\152\041\127\213\147\204\136\372}{section.3.3}% 32
\BOOKMARK [2][-]{subsection.3.3.3}{\376\377\0003\000.\0003\000.\0003\000\040\204\270\231\217\117\341\140\157\220\011\142\351\116\016\176\246\147\137\145\271\137\017}{section.3.3}% 33
\BOOKMARK [2][-]{subsection.3.3.4}{\376\377\0003\000.\0003\000.\0004\000\040\204\270\231\217\143\137\131\061\213\276\213\241}{section.3.3}% 34
\BOOKMARK [1][-]{section.3.4}{\376\377\0003\000.\0004\000\040\123\213\177\051\152\041\127\213\147\204\136\372\116\016\213\255\176\303\155\101\172\013}{chapter.3}% 35
\BOOKMARK [1][-]{section.3.5}{\376\377\0003\000.\0005\000\040\147\054\172\340\134\017\176\323}{chapter.3}% 36
\BOOKMARK [0][-]{chapter.4}{\376\377\173\054\126\333\172\340\000\040\133\236\232\214\116\016\176\323\147\234\122\006\147\220}{}% 37
\BOOKMARK [1][-]{section.4.1}{\376\377\0004\000.\0001\000\040\133\236\232\214\145\160\143\156\226\306}{chapter.4}% 38
\BOOKMARK [1][-]{section.4.2}{\376\377\0004\000.\0002\000\040\213\304\116\367\143\007\150\007}{chapter.4}% 39
\BOOKMARK [1][-]{section.4.3}{\376\377\0004\000.\0003\000\040\133\236\232\214\163\257\130\203\116\016\123\302\145\160\213\276\177\156}{chapter.4}% 40
\BOOKMARK [1][-]{section.4.4}{\376\377\0004\000.\0004\000\040\176\323\147\234\116\016\122\006\147\220}{chapter.4}% 41
\BOOKMARK [2][-]{subsection.4.4.1}{\376\377\0004\000.\0004\000.\0001\000\040\155\210\207\215\133\236\232\214}{section.4.4}% 42
\BOOKMARK [2][-]{subsection.4.4.2}{\376\377\0004\000.\0004\000.\0002\000\040\116\015\124\014\133\236\117\213\122\006\122\162\152\041\127\213\140\047\200\375\133\371\153\324}{section.4.4}% 43
\BOOKMARK [2][-]{subsection.4.4.3}{\376\377\0004\000.\0004\000.\0003\000\040\145\160\221\317\213\241\173\227\213\304\117\060}{section.4.4}% 44
\BOOKMARK [2][-]{subsection.4.4.4}{\376\377\0004\000.\0004\000.\0004\000\040\213\241\145\160\213\357\135\356\147\145\156\220\122\006\147\220}{section.4.4}% 45
\BOOKMARK [2][-]{subsection.4.4.5}{\376\377\0004\000.\0004\000.\0005\000\040\152\041\127\213\123\213\177\051\133\236\232\214}{section.4.4}% 46
\BOOKMARK [2][-]{subsection.4.4.6}{\376\377\0004\000.\0004\000.\0006\000\040\123\213\177\051\176\323\147\234\122\006\147\220}{section.4.4}% 47
\BOOKMARK [2][-]{subsection.4.4.7}{\376\377\0004\000.\0004\000.\0007\000\040\217\271\177\030\220\350\177\162\123\357\210\114\140\047\122\006\147\220}{section.4.4}% 48
\BOOKMARK [1][-]{section.4.5}{\376\377\0004\000.\0005\000\040\147\054\172\340\134\017\176\323}{chapter.4}% 49
\BOOKMARK [0][-]{chapter.5}{\376\377\173\054\116\224\172\340\000\040\176\323\213\272\116\016\134\125\147\033}{}% 50
\BOOKMARK [0][-]{chapter*.31}{\376\377\123\302\200\003\145\207\163\056}{}% 51
\BOOKMARK [0][-]{chapter*.32}{\376\377\145\073\213\373\133\146\117\115\147\037\225\364\123\326\137\227\116\016\133\146\117\115\213\272\145\207\166\370\121\163\166\204\142\020\147\234}{}% 52
\BOOKMARK [0][-]{chapter*.35}{\376\377\201\364\214\042}{}% 53
